// Jest Snapshot v1, https://goo.gl/fbAQLP

exports[`<PasswordField /> Render the component without crashing 1`] = `
<DocumentFragment>
  <fieldset
    class="FieldBase"
  >
    <label
      class="FieldBase-label"
      for="password-field"
    >
      Senha
    </label>
    <input
      class="InputBase "
      id="password-field"
      placeholder="Senha"
      type="password"
      value=""
    />
  </fieldset>
</DocumentFragment>
`;
